eval edges = 200,000  (train=300,000 calib=100,000)
loading w2v + weights...
reading benign train/val...
  composition table: 5 (actor_type,object_type) pairs
calibrating p99 on benign val window...
  orthrus p99 = 5.8575  (meta threshold = 5.8575)
  floor   p99 = 4.6077
building eval graph + scoring both detectors...

eval nodes = 7,726  orthrus flags = 660  floor flags = 93

per-label flag counts (flagged / total):
  label             orthrus            floor
  Process      23/216    (10.6%)     75/216    (34.7%)
  File         44/1468   ( 3.0%)     15/1468   ( 1.0%)
  Socket      369/615    (60.0%)      0/615    ( 0.0%)
  Memory      223/5426   ( 4.1%)      2/5426   ( 0.0%)
  User          1/1      (100.0%)      1/1      (100.0%)

overlap of flagged sets: both=41  jaccard=0.058
  of orthrus flags, floor also flags: 6.2%
  of floor   flags, orthrus also flags: 44.1%
spearman rho(orthrus, floor) over ALL eval nodes = 0.477

WITHIN Process (n=216) -- type held constant:
  orthrus flags=23  floor flags=75  overlap=23
  spearman rho(orthrus, floor) among processes = 0.790

INTERPRETATION:
  high rho + high overlap + matching per-label profile -> Orthrus == composition floor (artifact).
  low within-Process rho / different processes flagged   -> Orthrus adds learned signal.
