loading w2v + gnn ...
  w2v vocab=500,118  GT=658

=== host 0051 ===
  events=1,163,544 nodes=83,940 GT-in-host=181 node-type-acc=0.9347 (55s)
  conf>0.0 : alerts=5479   RAW TP=31 FP=5448 FN=150 P=0.006 R=0.171 F1=0.011  |  2HOP TP=174 FP=408 FN=7 P=0.299 R=0.961 F1=0.456
  conf>0.6 : alerts=5749   RAW TP=32 FP=5717 FN=149 P=0.006 R=0.177 F1=0.011  |  2HOP TP=174 FP=431 FN=7 P=0.288 R=0.961 F1=0.443
  conf>0.9 : alerts=6011   RAW TP=33 FP=5978 FN=148 P=0.005 R=0.182 F1=0.011  |  2HOP TP=174 FP=436 FN=7 P=0.285 R=0.961 F1=0.440
  conf>0.98: alerts=7387   RAW TP=36 FP=7351 FN=145 P=0.005 R=0.199 F1=0.010  |  2HOP TP=175 FP=475 FN=6 P=0.269 R=0.967 F1=0.421

=== host 0051 ===
  events=1,163,544 nodes=83,940 GT-in-host=181 node-type-acc=0.9347 (55s)
  conf>0.0 : alerts=5479   RAW TP=31 FP=5448 FN=150 P=0.006 R=0.171 F1=0.011  |  2HOP TP=174 FP=408 FN=7 P=0.299 R=0.961 F1=0.456
  conf>0.6 : alerts=5749   RAW TP=32 FP=5717 FN=149 P=0.006 R=0.177 F1=0.011  |  2HOP TP=174 FP=431 FN=7 P=0.288 R=0.961 F1=0.443
  conf>0.9 : alerts=6011   RAW TP=33 FP=5978 FN=148 P=0.005 R=0.182 F1=0.011  |  2HOP TP=174 FP=436 FN=7 P=0.285 R=0.961 F1=0.440
  conf>0.98: alerts=7387   RAW TP=36 FP=7351 FN=145 P=0.005 R=0.199 F1=0.010  |  2HOP TP=175 FP=475 FN=6 P=0.269 R=0.967 F1=0.421

=== host 0201 ===
  events=1,325,284 nodes=104,628 GT-in-host=67 node-type-acc=0.9709 (70s)
  conf>0.0 : alerts=3041   RAW TP=10 FP=3031 FN=57 P=0.003 R=0.149 F1=0.006  |  2HOP TP=64 FP=162 FN=3 P=0.283 R=0.955 F1=0.437
  conf>0.6 : alerts=3311   RAW TP=10 FP=3301 FN=57 P=0.003 R=0.149 F1=0.006  |  2HOP TP=64 FP=163 FN=3 P=0.282 R=0.955 F1=0.435
  conf>0.9 : alerts=3730   RAW TP=11 FP=3719 FN=56 P=0.003 R=0.164 F1=0.006  |  2HOP TP=64 FP=164 FN=3 P=0.281 R=0.955 F1=0.434
  conf>0.98: alerts=5113   RAW TP=14 FP=5099 FN=53 P=0.003 R=0.209 F1=0.005  |  2HOP TP=66 FP=306 FN=1 P=0.177 R=0.985 F1=0.301

=== host 0051 ===
  events=1,163,544 nodes=83,940 GT-in-host=181 node-type-acc=0.9347 (55s)
  conf>0.0 : alerts=5479   RAW TP=31 FP=5448 FN=150 P=0.006 R=0.171 F1=0.011  |  2HOP TP=174 FP=408 FN=7 P=0.299 R=0.961 F1=0.456
  conf>0.6 : alerts=5749   RAW TP=32 FP=5717 FN=149 P=0.006 R=0.177 F1=0.011  |  2HOP TP=174 FP=431 FN=7 P=0.288 R=0.961 F1=0.443
  conf>0.9 : alerts=6011   RAW TP=33 FP=5978 FN=148 P=0.005 R=0.182 F1=0.011  |  2HOP TP=174 FP=436 FN=7 P=0.285 R=0.961 F1=0.440
  conf>0.98: alerts=7387   RAW TP=36 FP=7351 FN=145 P=0.005 R=0.199 F1=0.010  |  2HOP TP=175 FP=475 FN=6 P=0.269 R=0.967 F1=0.421

=== host 0201 ===
  events=1,325,284 nodes=104,628 GT-in-host=67 node-type-acc=0.9709 (70s)
  conf>0.0 : alerts=3041   RAW TP=10 FP=3031 FN=57 P=0.003 R=0.149 F1=0.006  |  2HOP TP=64 FP=162 FN=3 P=0.283 R=0.955 F1=0.437
  conf>0.6 : alerts=3311   RAW TP=10 FP=3301 FN=57 P=0.003 R=0.149 F1=0.006  |  2HOP TP=64 FP=163 FN=3 P=0.282 R=0.955 F1=0.435
  conf>0.9 : alerts=3730   RAW TP=11 FP=3719 FN=56 P=0.003 R=0.164 F1=0.006  |  2HOP TP=64 FP=164 FN=3 P=0.281 R=0.955 F1=0.434
  conf>0.98: alerts=5113   RAW TP=14 FP=5099 FN=53 P=0.003 R=0.209 F1=0.005  |  2HOP TP=66 FP=306 FN=1 P=0.177 R=0.985 F1=0.301

=== host 0501 ===
  events=4,241,504 nodes=304,387 GT-in-host=410 node-type-acc=0.9644 (715s)
  conf>0.0 : alerts=10836  RAW TP=112 FP=10724 FN=298 P=0.010 R=0.273 F1=0.020  |  2HOP TP=410 FP=9 FN=0 P=0.979 R=1.000 F1=0.989
  conf>0.6 : alerts=11050  RAW TP=112 FP=10938 FN=298 P=0.010 R=0.273 F1=0.020  |  2HOP TP=410 FP=10 FN=0 P=0.976 R=1.000 F1=0.988
  conf>0.9 : alerts=12879  RAW TP=113 FP=12766 FN=297 P=0.009 R=0.276 F1=0.017  |  2HOP TP=410 FP=13 FN=0 P=0.969 R=1.000 F1=0.984
  conf>0.98: alerts=18490  RAW TP=122 FP=18368 FN=288 P=0.007 R=0.298 F1=0.013  |  2HOP TP=410 FP=73 FN=0 P=0.849 R=1.000 F1=0.918
DONE
